http://spaceapi.hackeriet.no/hackeriet.spaceapi.json
http://spaceapi.net/cache/Gothemburg+Hackerspace
http://spaceapi.net/cache/Recompile
http://spaceapi.net/cache/Vaasa+Hacklab
http://spaceapi.net/cache/Tampere+Hacklab+5w
http://spaceapi.net/cache/CADR
http://hackerspace.by/spaceapi
https://hackerspace.pl/spaceapi
http://hskrk-spacemon.herokuapp.com
http://vsza.hu/hacksense/spaceapi_status.json
http://pspace.dyndns.org/space.php
http://spaceapi.net/cache/Hackerspace.gr
http://edv-support.htu.tugraz.at/doorothy/bis/status.spaceapi
http://spaceapi.net/cache/DevLoL
http://48.io/status/
https://spaceapi.net/new/space/hspce/status/json
http://spaceapi.net/cache/Chaostreff+Chemnitz
http://www.hq.c3d2.de/spaceapi.json
http://spaceapi.net/cache/Eigenbaukombinat+Halle+e.V.
http://spaceapi.n39.eu/json
http://www.c-base.org/status.json
http://spaceapi.net/cache/E5
http://status.metameute.de/spaceapi.json
http://spaceapi.net/cache/Open+Space+Aarhus
http://spaceapi.geeklabs.dk/?format=json
http://hamburg.ccc.de/dooris/status.json
http://hackerspacehb.appspot.com/status
http://status.mainframe.io/api/spaceInfo
http://hackerspace-bielefeld.de/status.json
https://freieslabor.org/api/info
http://status.stratum0.org/status.json
https://cccgoe.de/spaceapi.php
http://status.bytespeicher.org/status.json
http://api.maschinenraum.tk/status.json
http://status.bckspc.de/spacestatus.php
http://spaceapi.net/cache/FAU+FabLab
http://spaceapi.net/cache/bytewerk
http://api.muc.ccc.de/spaceapi.json
http://api.openlab-augsburg.de/data.json
http://hackerspace-ulm.de/status.json
http://shackspace.de/spaceapi-query-0.13
http://it-syndikat.org/status.php
http://spaceapi.net/cache/coredump
http://spaceapi.net/cache/MechArtLab
http://spaceapi.reaktor23.org/spaceapi
http://spaceapi.net/cache/CCCFr
http://club.entropia.de/spaceapi
http://spaceapi.net/cache/RaumZeitLabor
http://api.chaos-darmstadt.de/json
http://spaceapi.net/cache/Chaos+inKL.
http://spaceapi.net/cache/Hacksaar
http://spaceapi.syn2cat.lu/status/json
http://state.maschinendeck.org/spaceapi.json
http://hsmr.cc/spaceapi.json
http://spaceapi.hasi.it/
http://dingfabrik.de/status/spaceapi.php
https://ackspace.nl/status.php
https://chaosdorf.de/space_api.json
http://www.devtal.de/api/
http://spaceapi.net/cache/spaceleft
http://status.chaospott.de/status.json
https://www.warpzone.ms/api/spaceapi.php
http://spaceapi.net/cache/TkkrLab
http://hack42.nl/spacestate/json.php
http://techinc.nl/space/spacestate.json
http://spaceapi.net/cache/Frack
http://revspace.nl/status/status.php
http://spaceapi.net/cache/Brixel
http://api.urlab.be/spaceapi/
http://spaceapi.net/cache/Jeanne+D%27Hack
http://spaceapi.net/cache/Le+Loop
http://breizh-entropy.org/spaceapi.json
http://www.dlabs.co/api.php
http://spaceapi.net/cache/Post+Tenebras+Lab
https://fixme.ch/cgi-bin/spaceapi.py
http://status.lambalabs.org/public.php
http://cam.hackerspace.sg/space/
http://status.pyongyanghackerspace.org/jiwi.json
